{
  "currentObjectState" : {
    "name" : "order-sequence-1",
    "properties" : {
      "key-1" : "value-1",
      "key-2" : "value-2"
    },
    "history" : {
      "entries" : [ {
        "timestamp" : "2025-07-22T12:03:00Z",
        "eventCode" : "event-code-1",
        "supplements" : [ "supplement-1", "supplement-2" ]
      } ]
    },
    "type" : "type-1",
    "orders" : [ "order-1", "order-2" ],
    "finishedIndex" : 4,
    "complete" : true,
    "finished" : true,
    "failureFatal" : true,
    "intendedVehicle" : "vehicle-1",
    "processingVehicle" : "vehicle-2",
    "creationTime" : "2025-07-22T12:03:00Z",
    "finishedTime" : "2025-07-22T13:03:00Z"
  },
  "previousObjectState" : {
    "name" : "order-sequence-1",
    "properties" : {
      "key-1" : "value-1",
      "key-2" : "value-2"
    },
    "history" : {
      "entries" : [ {
        "timestamp" : "2025-07-22T12:03:00Z",
        "eventCode" : "event-code-1",
        "supplements" : [ "supplement-1", "supplement-2" ]
      } ]
    },
    "type" : "type-1",
    "orders" : [ "order-1", "order-2" ],
    "finishedIndex" : 4,
    "complete" : true,
    "finished" : false,
    "failureFatal" : true,
    "intendedVehicle" : "vehicle-1",
    "processingVehicle" : "vehicle-2",
    "creationTime" : "2025-07-22T12:03:00Z",
    "finishedTime" : "2025-07-22T13:03:00Z"
  }
}