{
  "currentObjectState" : {
    "name" : "order-1",
    "properties" : {
      "key-1" : "value-1",
      "key-2" : "value-2"
    },
    "history" : {
      "entries" : [ {
        "timestamp" : "2025-07-22T12:03:00Z",
        "eventCode" : "event-code-1",
        "supplements" : [ "supplement-1", "supplement-2" ]
      } ]
    },
    "type" : "type-1",
    "dependencies" : [ "dependency-1", "dependency-2" ],
    "driveOrders" : [ {
      "name" : "drive-order-1",
      "destination" : {
        "destination" : "destination-1",
        "operation" : "operation-1",
        "properties" : {
          "key-3" : "value-3",
          "key-4" : "value-4"
        }
      },
      "transportOrder" : "order-1",
      "route" : {
        "steps" : [ {
          "path" : "path-1",
          "sourcePoint" : "point-1",
          "destinationPoint" : "point-2",
          "vehicleOrientation" : "FORWARD",
          "routeIndex" : 1,
          "costs" : 100,
          "executionAllowed" : true,
          "reroutingType" : "REGULAR"
        } ],
        "costs" : 200
      },
      "state" : "TRAVELLING"
    } ],
    "peripheralReservationToken" : "reservation-token-1",
    "currentDriveOrderIndex" : 3,
    "currentRouteStepIndex" : 5,
    "state" : "RAW",
    "creationTime" : "2025-07-22T12:03:00Z",
    "deadline" : "2025-07-22T13:03:00Z",
    "finishedTime" : "2025-07-22T12:33:00Z",
    "intendedVehicle" : "vehicle-1",
    "processingVehicle" : "vehicle-2",
    "wrappingSequence" : "sequence-1",
    "dispensable" : true
  },
  "previousObjectState" : {
    "name" : "order-1",
    "properties" : {
      "key-1" : "value-1",
      "key-2" : "value-2"
    },
    "history" : {
      "entries" : [ {
        "timestamp" : "2025-07-22T12:03:00Z",
        "eventCode" : "event-code-1",
        "supplements" : [ "supplement-1", "supplement-2" ]
      } ]
    },
    "type" : "type-1",
    "dependencies" : [ "dependency-1", "dependency-2" ],
    "driveOrders" : [ {
      "name" : "drive-order-1",
      "destination" : {
        "destination" : "destination-1",
        "operation" : "operation-1",
        "properties" : {
          "key-3" : "value-3",
          "key-4" : "value-4"
        }
      },
      "transportOrder" : "order-1",
      "route" : {
        "steps" : [ {
          "path" : "path-1",
          "sourcePoint" : "point-1",
          "destinationPoint" : "point-2",
          "vehicleOrientation" : "FORWARD",
          "routeIndex" : 1,
          "costs" : 100,
          "executionAllowed" : true,
          "reroutingType" : "REGULAR"
        } ],
        "costs" : 200
      },
      "state" : "TRAVELLING"
    } ],
    "peripheralReservationToken" : "reservation-token-1",
    "currentDriveOrderIndex" : 3,
    "currentRouteStepIndex" : 5,
    "state" : "BEING_PROCESSED",
    "creationTime" : "2025-07-22T12:03:00Z",
    "deadline" : "2025-07-22T13:03:00Z",
    "finishedTime" : "2025-07-22T12:33:00Z",
    "intendedVehicle" : "vehicle-1",
    "processingVehicle" : "vehicle-2",
    "wrappingSequence" : "sequence-1",
    "dispensable" : true
  }
}