{
  "acceptableOrderTypes" : [ {
    "name" : "some-orderType",
    "priority" : 0
  }, {
    "name" : "another-orderType",
    "priority" : 1
  }, {
    "name" : "orderType-3",
    "priority" : 2
  } ]
}
